
> fuai@0.1.0 build
> next build

  Γû▓ Next.js 14.2.35
  - Environments: .env

   Creating an optimized production build ...
 Γ£ô Compiled successfully
   Linting and checking validity of types ...
   Collecting page data ...
   Generating static pages (0/22) ...
node.exe :  Γ¿» useSearchParams() should be wrapped in a suspense boundary at page "/success". Read more: 
https://nextjs.org/docs/messages/missing-suspense-with-csr-bailout
At line:1 char:1
+ & "M:\/node.exe" "M:\/node_modules/npm/bin/npm-cli.js" run build
+ ~~~~~~~~~~~~~~~~~~~~~~~~~~~~~~~~~~~~~~~~~~~~~~~~~~~~~~~~~~~~~~~~
    + CategoryInfo          : NotSpecified: ( Γ¿» useSearchP...ith-csr-bailout:String) [], RemoteException
    + FullyQualifiedErrorId : NativeCommandError
 
    at l (D:\fuai\.next\server\chunks\764.js:1:10472)
    at c (D:\fuai\.next\server\chunks\764.js:1:21317)
    at c (D:\fuai\.next\server\app\success\page.js:1:2516)
    at nj (D:\fuai\node_modules\next\dist\compiled\next-server\app-page.runtime.prod.js:12:46252)
    at nM (D:\fuai\node_modules\next\dist\compiled\next-server\app-page.runtime.prod.js:12:47572)
    at nL (D:\fuai\node_modules\next\dist\compiled\next-server\app-page.runtime.prod.js:12:64547)
    at nI (D:\fuai\node_modules\next\dist\compiled\next-server\app-page.runtime.prod.js:12:47011)
    at nM (D:\fuai\node_modules\next\dist\compiled\next-server\app-page.runtime.prod.js:12:47718)
    at nM (D:\fuai\node_modules\next\dist\compiled\next-server\app-page.runtime.prod.js:12:61547)
    at nL (D:\fuai\node_modules\next\dist\compiled\next-server\app-page.runtime.prod.js:12:64547)

Error occurred prerendering page "/success". Read more: https://nextjs.org/docs/messages/prerender-error

   Generating static pages (5/22) 
 Γ¿» useSearchParams() should be wrapped in a suspense boundary at page "/tools". Read more: 
https://nextjs.org/docs/messages/missing-suspense-with-csr-bailout
    at l (D:\fuai\.next\server\chunks\764.js:1:10472)
    at c (D:\fuai\.next\server\chunks\764.js:1:21317)
    at x (D:\fuai\.next\server\app\tools\page.js:1:10147)
    at nj (D:\fuai\node_modules\next\dist\compiled\next-server\app-page.runtime.prod.js:12:46252)
    at nM (D:\fuai\node_modules\next\dist\compiled\next-server\app-page.runtime.prod.js:12:47572)
    at nL (D:\fuai\node_modules\next\dist\compiled\next-server\app-page.runtime.prod.js:12:64547)
    at nI (D:\fuai\node_modules\next\dist\compiled\next-server\app-page.runtime.prod.js:12:47011)
    at nM (D:\fuai\node_modules\next\dist\compiled\next-server\app-page.runtime.prod.js:12:47718)
    at nM (D:\fuai\node_modules\next\dist\compiled\next-server\app-page.runtime.prod.js:12:61547)
    at nL (D:\fuai\node_modules\next\dist\compiled\next-server\app-page.runtime.prod.js:12:64547)

Error occurred prerendering page "/tools". Read more: https://nextjs.org/docs/messages/prerender-error

   Generating static pages (10/22) 
   Generating static pages (16/22) 
 Γ£ô Generating static pages (22/22)

> Export encountered errors on following paths:
	/success/page: /success
	/tools/page: /tools
